Traceback (most recent call last):
  File "/private/tmp/mlx_lm_100k_cached_workflow_bench.py", line 200, in <module>
    main()
    ~~~~^^
  File "/private/tmp/mlx_lm_100k_cached_workflow_bench.py", line 82, in main
    model, tokenizer = load(args.model)
                       ~~~~^^^^^^^^^^^^
  File "/private/tmp/go-mlx-mlx-lm-venv/lib/python3.14/site-packages/mlx_lm/utils.py", line 491, in load
    model, config = load_model(model_path, lazy, model_config=model_config)
                    ~~~~~~~~~~^^^^^^^^^^^^^^^^^^^^^^^^^^^^^^^^^^^^^^^^^^^^^
  File "/private/tmp/go-mlx-mlx-lm-venv/lib/python3.14/site-packages/mlx_lm/utils.py", line 415, in load_model
    model.load_weights(list(weights.items()), strict=strict)
    ~~~~~~~~~~~~~~~~~~^^^^^^^^^^^^^^^^^^^^^^^^^^^^^^^^^^^^^^
  File "/private/tmp/go-mlx-mlx-lm-venv/lib/python3.14/site-packages/mlx/nn/layers/base.py", line 185, in load_weights
    raise ValueError(
        f"Received {num_extra} parameters not in model: \n{extras}."
    )
ValueError: Received 140 parameters not in model: 
language_model.model.layers.15.self_attn.k_norm.weight,
language_model.model.layers.15.self_attn.k_proj.biases,
language_model.model.layers.15.self_attn.k_proj.scales,
language_model.model.layers.15.self_attn.k_proj.weight,
language_model.model.layers.15.self_attn.v_proj.biases,
language_model.model.layers.15.self_attn.v_proj.scales,
language_model.model.layers.15.self_attn.v_proj.weight,
language_model.model.layers.16.self_attn.k_norm.weight,
language_model.model.layers.16.self_attn.k_proj.biases,
language_model.model.layers.16.self_attn.k_proj.scales,
language_model.model.layers.16.self_attn.k_proj.weight,
language_model.model.layers.16.self_attn.v_proj.biases,
language_model.model.layers.16.self_attn.v_proj.scales,
language_model.model.layers.16.self_attn.v_proj.weight,
language_model.model.layers.17.self_attn.k_norm.weight,
language_model.model.layers.17.self_attn.k_proj.biases,
language_model.model.layers.17.self_attn.k_proj.scales,
language_model.model.layers.17.self_attn.k_proj.weight,
language_model.model.layers.17.self_attn.v_proj.biases,
language_model.model.layers.17.self_attn.v_proj.scales,
language_model.model.layers.17.self_attn.v_proj.weight,
language_model.model.layers.18.self_attn.k_norm.weight,
language_model.model.layers.18.self_attn.k_proj.biases,
language_model.model.layers.18.self_attn.k_proj.scales,
language_model.model.layers.18.self_attn.k_proj.weight,
language_model.model.layers.18.self_attn.v_proj.biases,
language_model.model.layers.18.self_attn.v_proj.scales,
language_model.model.layers.18.self_attn.v_proj.weight,
language_model.model.layers.19.self_attn.k_norm.weight,
language_model.model.layers.19.self_attn.k_proj.biases,
language_model.model.layers.19.self_attn.k_proj.scales,
language_model.model.layers.19.self_attn.k_proj.weight,
language_model.model.layers.19.self_attn.v_proj.biases,
language_model.model.layers.19.self_attn.v_proj.scales,
language_model.model.layers.19.self_attn.v_proj.weight,
language_model.model.layers.20.self_attn.k_norm.weight,
language_model.model.layers.20.self_attn.k_proj.biases,
language_model.model.layers.20.self_attn.k_proj.scales,
language_model.model.layers.20.self_attn.k_proj.weight,
language_model.model.layers.20.self_attn.v_proj.biases,
language_model.model.layers.20.self_attn.v_proj.scales,
language_model.model.layers.20.self_attn.v_proj.weight,
language_model.model.layers.21.self_attn.k_norm.weight,
language_model.model.layers.21.self_attn.k_proj.biases,
language_model.model.layers.21.self_attn.k_proj.scales,
language_model.model.layers.21.self_attn.k_proj.weight,
language_model.model.layers.21.self_attn.v_proj.biases,
language_model.model.layers.21.self_attn.v_proj.scales,
language_model.model.layers.21.self_attn.v_proj.weight,
language_model.model.layers.22.self_attn.k_norm.weight,
language_model.model.layers.22.self_attn.k_proj.biases,
language_model.model.layers.22.self_attn.k_proj.scales,
language_model.model.layers.22.self_attn.k_proj.weight,
language_model.model.layers.22.self_attn.v_proj.biases,
language_model.model.layers.22.self_attn.v_proj.scales,
language_model.model.layers.22.self_attn.v_proj.weight,
language_model.model.layers.23.self_attn.k_norm.weight,
language_model.model.layers.23.self_attn.k_proj.biases,
language_model.model.layers.23.self_attn.k_proj.scales,
language_model.model.layers.23.self_attn.k_proj.weight,
language_model.model.layers.23.self_attn.v_proj.biases,
language_model.model.layers.23.self_attn.v_proj.scales,
language_model.model.layers.23.self_attn.v_proj.weight,
language_model.model.layers.24.self_attn.k_norm.weight,
language_model.model.layers.24.self_attn.k_proj.biases,
language_model.model.layers.24.self_attn.k_proj.scales,
language_model.model.layers.24.self_attn.k_proj.weight,
language_model.model.layers.24.self_attn.v_proj.biases,
language_model.model.layers.24.self_attn.v_proj.scales,
language_model.model.layers.24.self_attn.v_proj.weight,
language_model.model.layers.25.self_attn.k_norm.weight,
language_model.model.layers.25.self_attn.k_proj.biases,
language_model.model.layers.25.self_attn.k_proj.scales,
language_model.model.layers.25.self_attn.k_proj.weight,
language_model.model.layers.25.self_attn.v_proj.biases,
language_model.model.layers.25.self_attn.v_proj.scales,
language_model.model.layers.25.self_attn.v_proj.weight,
language_model.model.layers.26.self_attn.k_norm.weight,
language_model.model.layers.26.self_attn.k_proj.biases,
language_model.model.layers.26.self_attn.k_proj.scales,
language_model.model.layers.26.self_attn.k_proj.weight,
language_model.model.layers.26.self_attn.v_proj.biases,
language_model.model.layers.26.self_attn.v_proj.scales,
language_model.model.layers.26.self_attn.v_proj.weight,
language_model.model.layers.27.self_attn.k_norm.weight,
language_model.model.layers.27.self_attn.k_proj.biases,
language_model.model.layers.27.self_attn.k_proj.scales,
language_model.model.layers.27.self_attn.k_proj.weight,
language_model.model.layers.27.self_attn.v_proj.biases,
language_model.model.layers.27.self_attn.v_proj.scales,
language_model.model.layers.27.self_attn.v_proj.weight,
language_model.model.layers.28.self_attn.k_norm.weight,
language_model.model.layers.28.self_attn.k_proj.biases,
language_model.model.layers.28.self_attn.k_proj.scales,
language_model.model.layers.28.self_attn.k_proj.weight,
language_model.model.layers.28.self_attn.v_proj.biases,
language_model.model.layers.28.self_attn.v_proj.scales,
language_model.model.layers.28.self_attn.v_proj.weight,
language_model.model.layers.29.self_attn.k_norm.weight,
language_model.model.layers.29.self_attn.k_proj.biases,
language_model.model.layers.29.self_attn.k_proj.scales,
language_model.model.layers.29.self_attn.k_proj.weight,
language_model.model.layers.29.self_attn.v_proj.biases,
language_model.model.layers.29.self_attn.v_proj.scales,
language_model.model.layers.29.self_attn.v_proj.weight,
language_model.model.layers.30.self_attn.k_norm.weight,
language_model.model.layers.30.self_attn.k_proj.biases,
language_model.model.layers.30.self_attn.k_proj.scales,
language_model.model.layers.30.self_attn.k_proj.weight,
language_model.model.layers.30.self_attn.v_proj.biases,
language_model.model.layers.30.self_attn.v_proj.scales,
language_model.model.layers.30.self_attn.v_proj.weight,
language_model.model.layers.31.self_attn.k_norm.weight,
language_model.model.layers.31.self_attn.k_proj.biases,
language_model.model.layers.31.self_attn.k_proj.scales,
language_model.model.layers.31.self_attn.k_proj.weight,
language_model.model.layers.31.self_attn.v_proj.biases,
language_model.model.layers.31.self_attn.v_proj.scales,
language_model.model.layers.31.self_attn.v_proj.weight,
language_model.model.layers.32.self_attn.k_norm.weight,
language_model.model.layers.32.self_attn.k_proj.biases,
language_model.model.layers.32.self_attn.k_proj.scales,
language_model.model.layers.32.self_attn.k_proj.weight,
language_model.model.layers.32.self_attn.v_proj.biases,
language_model.model.layers.32.self_attn.v_proj.scales,
language_model.model.layers.32.self_attn.v_proj.weight,
language_model.model.layers.33.self_attn.k_norm.weight,
language_model.model.layers.33.self_attn.k_proj.biases,
language_model.model.layers.33.self_attn.k_proj.scales,
language_model.model.layers.33.self_attn.k_proj.weight,
language_model.model.layers.33.self_attn.v_proj.biases,
language_model.model.layers.33.self_attn.v_proj.scales,
language_model.model.layers.33.self_attn.v_proj.weight,
language_model.model.layers.34.self_attn.k_norm.weight,
language_model.model.layers.34.self_attn.k_proj.biases,
language_model.model.layers.34.self_attn.k_proj.scales,
language_model.model.layers.34.self_attn.k_proj.weight,
language_model.model.layers.34.self_attn.v_proj.biases,
language_model.model.layers.34.self_attn.v_proj.scales,
language_model.model.layers.34.self_attn.v_proj.weight.
